INFO:     Started server process [10300]
INFO:     Waiting for application startup.
INFO:     Application startup complete.
INFO:     Uvicorn running on http://127.0.0.1:8000 (Press CTRL+C to quit)
ERROR:    Exception in ASGI application
Traceback (most recent call last):
  File "C:\Users\ATC\Desktop\PROYECTO-ATC\ATC\.venv\Lib\site-packages\uvicorn\protocols\http\httptools_impl.py", line 416, in run_asgi
    result = await app(  # type: ignore[func-returns-value]
             ^^^^^^^^^^^^^^^^^^^^^^^^^^^^^^^^^^^^^^^^^^^^^^
        self.scope, self.receive, self.send
        ^^^^^^^^^^^^^^^^^^^^^^^^^^^^^^^^^^^
    )
    ^
  File "C:\Users\ATC\Desktop\PROYECTO-ATC\ATC\.venv\Lib\site-packages\uvicorn\middleware\proxy_headers.py", line 60, in __call__
    return await self.app(scope, receive, send)
           ^^^^^^^^^^^^^^^^^^^^^^^^^^^^^^^^^^^^
  File "C:\Users\ATC\Desktop\PROYECTO-ATC\ATC\.venv\Lib\site-packages\fastapi\applications.py", line 1160, in __call__
    await super().__call__(scope, receive, send)
  File "C:\Users\ATC\Desktop\PROYECTO-ATC\ATC\.venv\Lib\site-packages\starlette\applications.py", line 107, in __call__
    await self.middleware_stack(scope, receive, send)
  File "C:\Users\ATC\Desktop\PROYECTO-ATC\ATC\.venv\Lib\site-packages\starlette\middleware\errors.py", line 186, in __call__
    raise exc
  File "C:\Users\ATC\Desktop\PROYECTO-ATC\ATC\.venv\Lib\site-packages\starlette\middleware\errors.py", line 164, in __call__
    await self.app(scope, receive, _send)
  File "C:\Users\ATC\Desktop\PROYECTO-ATC\ATC\.venv\Lib\site-packages\starlette\middleware\exceptions.py", line 63, in __call__
    await wrap_app_handling_exceptions(self.app, conn)(scope, receive, send)
  File "C:\Users\ATC\Desktop\PROYECTO-ATC\ATC\.venv\Lib\site-packages\starlette\_exception_handler.py", line 53, in wrapped_app
    raise exc
  File "C:\Users\ATC\Desktop\PROYECTO-ATC\ATC\.venv\Lib\site-packages\starlette\_exception_handler.py", line 42, in wrapped_app
    await app(scope, receive, sender)
  File "C:\Users\ATC\Desktop\PROYECTO-ATC\ATC\.venv\Lib\site-packages\fastapi\middleware\asyncexitstack.py", line 18, in __call__
    await self.app(scope, receive, send)
  File "C:\Users\ATC\Desktop\PROYECTO-ATC\ATC\.venv\Lib\site-packages\starlette\routing.py", line 716, in __call__
    await self.middleware_stack(scope, receive, send)
  File "C:\Users\ATC\Desktop\PROYECTO-ATC\ATC\.venv\Lib\site-packages\starlette\routing.py", line 736, in app
    await route.handle(scope, receive, send)
  File "C:\Users\ATC\Desktop\PROYECTO-ATC\ATC\.venv\Lib\site-packages\starlette\routing.py", line 290, in handle
    await self.app(scope, receive, send)
  File "C:\Users\ATC\Desktop\PROYECTO-ATC\ATC\.venv\Lib\site-packages\fastapi\routing.py", line 119, in app
    await wrap_app_handling_exceptions(app, request)(scope, receive, send)
  File "C:\Users\ATC\Desktop\PROYECTO-ATC\ATC\.venv\Lib\site-packages\starlette\_exception_handler.py", line 53, in wrapped_app
    raise exc
  File "C:\Users\ATC\Desktop\PROYECTO-ATC\ATC\.venv\Lib\site-packages\starlette\_exception_handler.py", line 42, in wrapped_app
    await app(scope, receive, sender)
  File "C:\Users\ATC\Desktop\PROYECTO-ATC\ATC\.venv\Lib\site-packages\fastapi\routing.py", line 105, in app
    response = await f(request)
               ^^^^^^^^^^^^^^^^
  File "C:\Users\ATC\Desktop\PROYECTO-ATC\ATC\.venv\Lib\site-packages\fastapi\routing.py", line 431, in app
    raw_response = await run_endpoint_function(
                   ^^^^^^^^^^^^^^^^^^^^^^^^^^^^
    ...<3 lines>...
    )
    ^
  File "C:\Users\ATC\Desktop\PROYECTO-ATC\ATC\.venv\Lib\site-packages\fastapi\routing.py", line 315, in run_endpoint_function
    return await run_in_threadpool(dependant.call, **values)
           ^^^^^^^^^^^^^^^^^^^^^^^^^^^^^^^^^^^^^^^^^^^^^^^^^
  File "C:\Users\ATC\Desktop\PROYECTO-ATC\ATC\.venv\Lib\site-packages\starlette\concurrency.py", line 32, in run_in_threadpool
    return await anyio.to_thread.run_sync(func)
           ^^^^^^^^^^^^^^^^^^^^^^^^^^^^^^^^^^^^
  File "C:\Users\ATC\Desktop\PROYECTO-ATC\ATC\.venv\Lib\site-packages\anyio\to_thread.py", line 63, in run_sync
    return await get_async_backend().run_sync_in_worker_thread(
           ^^^^^^^^^^^^^^^^^^^^^^^^^^^^^^^^^^^^^^^^^^^^^^^^^^^^
        func, args, abandon_on_cancel=abandon_on_cancel, limiter=limiter
        ^^^^^^^^^^^^^^^^^^^^^^^^^^^^^^^^^^^^^^^^^^^^^^^^^^^^^^^^^^^^^^^^
    )
    ^
  File "C:\Users\ATC\Desktop\PROYECTO-ATC\ATC\.venv\Lib\site-packages\anyio\_backends\_asyncio.py", line 2502, in run_sync_in_worker_thread
    return await future
           ^^^^^^^^^^^^
  File "C:\Users\ATC\Desktop\PROYECTO-ATC\ATC\.venv\Lib\site-packages\anyio\_backends\_asyncio.py", line 986, in run
    result = context.run(func, *args)
  File "C:\Users\ATC\Desktop\PROYECTO-ATC\ATC\app\routes\web.py", line 1656, in dashboard
                    or "Sin tipo de problema",
                    ^^^^^^^^^^^^^^^^^^^^^^^^^^
    ...<37 lines>...
            "total_pages": total_pages,
    
  File "C:\Users\ATC\Desktop\PROYECTO-ATC\ATC\.venv\Lib\site-packages\starlette\templating.py", line 210, in TemplateResponse
    return _TemplateResponse(
        template,
    ...<4 lines>...
        background=background,
    )
  File "C:\Users\ATC\Desktop\PROYECTO-ATC\ATC\.venv\Lib\site-packages\starlette\templating.py", line 41, in __init__
    content = template.render(context)
  File "C:\Users\ATC\Desktop\PROYECTO-ATC\ATC\.venv\Lib\site-packages\jinja2\environment.py", line 1295, in render
    self.environment.handle_exception()
    ~~~~~~~~~~~~~~~~~~~~~~~~~~~~~~~~~^^
  File "C:\Users\ATC\Desktop\PROYECTO-ATC\ATC\.venv\Lib\site-packages\jinja2\environment.py", line 942, in handle_exception
    raise rewrite_traceback_stack(source=source)
  File "C:\Users\ATC\Desktop\PROYECTO-ATC\ATC\app\templates\dashboard.html", line 2956, in top-level template code
    <div class="card {% if ticket_has_new_message.get(ticket.id) or ticket_manually_unread.get(ticket.id) %}unread-ticket{% endif %}">
    ^^^^^^^^^^^^^^^^^
  File "C:\Users\ATC\Desktop\PROYECTO-ATC\ATC\.venv\Lib\site-packages\jinja2\environment.py", line 490, in getattr
    return getattr(obj, attribute)
jinja2.exceptions.UndefinedError: 'ticket_manually_unread' is undefined
ERROR:    Exception in ASGI application
Traceback (most recent call last):
  File "C:\Users\ATC\Desktop\PROYECTO-ATC\ATC\.venv\Lib\site-packages\uvicorn\protocols\http\httptools_impl.py", line 416, in run_asgi
    result = await app(  # type: ignore[func-returns-value]
             ^^^^^^^^^^^^^^^^^^^^^^^^^^^^^^^^^^^^^^^^^^^^^^
        self.scope, self.receive, self.send
        ^^^^^^^^^^^^^^^^^^^^^^^^^^^^^^^^^^^
    )
    ^
  File "C:\Users\ATC\Desktop\PROYECTO-ATC\ATC\.venv\Lib\site-packages\uvicorn\middleware\proxy_headers.py", line 60, in __call__
    return await self.app(scope, receive, send)
           ^^^^^^^^^^^^^^^^^^^^^^^^^^^^^^^^^^^^
  File "C:\Users\ATC\Desktop\PROYECTO-ATC\ATC\.venv\Lib\site-packages\fastapi\applications.py", line 1160, in __call__
    await super().__call__(scope, receive, send)
  File "C:\Users\ATC\Desktop\PROYECTO-ATC\ATC\.venv\Lib\site-packages\starlette\applications.py", line 107, in __call__
    await self.middleware_stack(scope, receive, send)
  File "C:\Users\ATC\Desktop\PROYECTO-ATC\ATC\.venv\Lib\site-packages\starlette\middleware\errors.py", line 186, in __call__
    raise exc
  File "C:\Users\ATC\Desktop\PROYECTO-ATC\ATC\.venv\Lib\site-packages\starlette\middleware\errors.py", line 164, in __call__
    await self.app(scope, receive, _send)
  File "C:\Users\ATC\Desktop\PROYECTO-ATC\ATC\.venv\Lib\site-packages\starlette\middleware\exceptions.py", line 63, in __call__
    await wrap_app_handling_exceptions(self.app, conn)(scope, receive, send)
  File "C:\Users\ATC\Desktop\PROYECTO-ATC\ATC\.venv\Lib\site-packages\starlette\_exception_handler.py", line 53, in wrapped_app
    raise exc
  File "C:\Users\ATC\Desktop\PROYECTO-ATC\ATC\.venv\Lib\site-packages\starlette\_exception_handler.py", line 42, in wrapped_app
    await app(scope, receive, sender)
  File "C:\Users\ATC\Desktop\PROYECTO-ATC\ATC\.venv\Lib\site-packages\fastapi\middleware\asyncexitstack.py", line 18, in __call__
    await self.app(scope, receive, send)
  File "C:\Users\ATC\Desktop\PROYECTO-ATC\ATC\.venv\Lib\site-packages\starlette\routing.py", line 716, in __call__
    await self.middleware_stack(scope, receive, send)
  File "C:\Users\ATC\Desktop\PROYECTO-ATC\ATC\.venv\Lib\site-packages\starlette\routing.py", line 736, in app
    await route.handle(scope, receive, send)
  File "C:\Users\ATC\Desktop\PROYECTO-ATC\ATC\.venv\Lib\site-packages\starlette\routing.py", line 290, in handle
    await self.app(scope, receive, send)
  File "C:\Users\ATC\Desktop\PROYECTO-ATC\ATC\.venv\Lib\site-packages\fastapi\routing.py", line 119, in app
    await wrap_app_handling_exceptions(app, request)(scope, receive, send)
  File "C:\Users\ATC\Desktop\PROYECTO-ATC\ATC\.venv\Lib\site-packages\starlette\_exception_handler.py", line 53, in wrapped_app
    raise exc
  File "C:\Users\ATC\Desktop\PROYECTO-ATC\ATC\.venv\Lib\site-packages\starlette\_exception_handler.py", line 42, in wrapped_app
    await app(scope, receive, sender)
  File "C:\Users\ATC\Desktop\PROYECTO-ATC\ATC\.venv\Lib\site-packages\fastapi\routing.py", line 105, in app
    response = await f(request)
               ^^^^^^^^^^^^^^^^
  File "C:\Users\ATC\Desktop\PROYECTO-ATC\ATC\.venv\Lib\site-packages\fastapi\routing.py", line 431, in app
    raw_response = await run_endpoint_function(
                   ^^^^^^^^^^^^^^^^^^^^^^^^^^^^
    ...<3 lines>...
    )
    ^
  File "C:\Users\ATC\Desktop\PROYECTO-ATC\ATC\.venv\Lib\site-packages\fastapi\routing.py", line 315, in run_endpoint_function
    return await run_in_threadpool(dependant.call, **values)
           ^^^^^^^^^^^^^^^^^^^^^^^^^^^^^^^^^^^^^^^^^^^^^^^^^
  File "C:\Users\ATC\Desktop\PROYECTO-ATC\ATC\.venv\Lib\site-packages\starlette\concurrency.py", line 32, in run_in_threadpool
    return await anyio.to_thread.run_sync(func)
           ^^^^^^^^^^^^^^^^^^^^^^^^^^^^^^^^^^^^
  File "C:\Users\ATC\Desktop\PROYECTO-ATC\ATC\.venv\Lib\site-packages\anyio\to_thread.py", line 63, in run_sync
    return await get_async_backend().run_sync_in_worker_thread(
           ^^^^^^^^^^^^^^^^^^^^^^^^^^^^^^^^^^^^^^^^^^^^^^^^^^^^
        func, args, abandon_on_cancel=abandon_on_cancel, limiter=limiter
        ^^^^^^^^^^^^^^^^^^^^^^^^^^^^^^^^^^^^^^^^^^^^^^^^^^^^^^^^^^^^^^^^
    )
    ^
  File "C:\Users\ATC\Desktop\PROYECTO-ATC\ATC\.venv\Lib\site-packages\anyio\_backends\_asyncio.py", line 2502, in run_sync_in_worker_thread
    return await future
           ^^^^^^^^^^^^
  File "C:\Users\ATC\Desktop\PROYECTO-ATC\ATC\.venv\Lib\site-packages\anyio\_backends\_asyncio.py", line 986, in run
    result = context.run(func, *args)
  File "C:\Users\ATC\Desktop\PROYECTO-ATC\ATC\app\routes\web.py", line 1656, in dashboard
                    or "Sin tipo de problema",
                    ^^^^^^^^^^^^^^^^^^^^^^^^^^
    ...<37 lines>...
            "total_pages": total_pages,
    
  File "C:\Users\ATC\Desktop\PROYECTO-ATC\ATC\.venv\Lib\site-packages\starlette\templating.py", line 210, in TemplateResponse
    return _TemplateResponse(
        template,
    ...<4 lines>...
        background=background,
    )
  File "C:\Users\ATC\Desktop\PROYECTO-ATC\ATC\.venv\Lib\site-packages\starlette\templating.py", line 41, in __init__
    content = template.render(context)
  File "C:\Users\ATC\Desktop\PROYECTO-ATC\ATC\.venv\Lib\site-packages\jinja2\environment.py", line 1295, in render
    self.environment.handle_exception()
    ~~~~~~~~~~~~~~~~~~~~~~~~~~~~~~~~~^^
  File "C:\Users\ATC\Desktop\PROYECTO-ATC\ATC\.venv\Lib\site-packages\jinja2\environment.py", line 942, in handle_exception
    raise rewrite_traceback_stack(source=source)
  File "C:\Users\ATC\Desktop\PROYECTO-ATC\ATC\app\templates\dashboard.html", line 2956, in top-level template code
    <div class="card {% if ticket_has_new_message.get(ticket.id) or ticket_manually_unread.get(ticket.id) %}unread-ticket{% endif %}">
    ^^^^^^^^^^^^^^^^^
  File "C:\Users\ATC\Desktop\PROYECTO-ATC\ATC\.venv\Lib\site-packages\jinja2\environment.py", line 490, in getattr
    return getattr(obj, attribute)
jinja2.exceptions.UndefinedError: 'ticket_manually_unread' is undefined
ERROR:    Exception in ASGI application
Traceback (most recent call last):
  File "C:\Users\ATC\Desktop\PROYECTO-ATC\ATC\.venv\Lib\site-packages\uvicorn\protocols\http\httptools_impl.py", line 416, in run_asgi
    result = await app(  # type: ignore[func-returns-value]
             ^^^^^^^^^^^^^^^^^^^^^^^^^^^^^^^^^^^^^^^^^^^^^^
        self.scope, self.receive, self.send
        ^^^^^^^^^^^^^^^^^^^^^^^^^^^^^^^^^^^
    )
    ^
  File "C:\Users\ATC\Desktop\PROYECTO-ATC\ATC\.venv\Lib\site-packages\uvicorn\middleware\proxy_headers.py", line 60, in __call__
    return await self.app(scope, receive, send)
           ^^^^^^^^^^^^^^^^^^^^^^^^^^^^^^^^^^^^
  File "C:\Users\ATC\Desktop\PROYECTO-ATC\ATC\.venv\Lib\site-packages\fastapi\applications.py", line 1160, in __call__
    await super().__call__(scope, receive, send)
  File "C:\Users\ATC\Desktop\PROYECTO-ATC\ATC\.venv\Lib\site-packages\starlette\applications.py", line 107, in __call__
    await self.middleware_stack(scope, receive, send)
  File "C:\Users\ATC\Desktop\PROYECTO-ATC\ATC\.venv\Lib\site-packages\starlette\middleware\errors.py", line 186, in __call__
    raise exc
  File "C:\Users\ATC\Desktop\PROYECTO-ATC\ATC\.venv\Lib\site-packages\starlette\middleware\errors.py", line 164, in __call__
    await self.app(scope, receive, _send)
  File "C:\Users\ATC\Desktop\PROYECTO-ATC\ATC\.venv\Lib\site-packages\starlette\middleware\exceptions.py", line 63, in __call__
    await wrap_app_handling_exceptions(self.app, conn)(scope, receive, send)
  File "C:\Users\ATC\Desktop\PROYECTO-ATC\ATC\.venv\Lib\site-packages\starlette\_exception_handler.py", line 53, in wrapped_app
    raise exc
  File "C:\Users\ATC\Desktop\PROYECTO-ATC\ATC\.venv\Lib\site-packages\starlette\_exception_handler.py", line 42, in wrapped_app
    await app(scope, receive, sender)
  File "C:\Users\ATC\Desktop\PROYECTO-ATC\ATC\.venv\Lib\site-packages\fastapi\middleware\asyncexitstack.py", line 18, in __call__
    await self.app(scope, receive, send)
  File "C:\Users\ATC\Desktop\PROYECTO-ATC\ATC\.venv\Lib\site-packages\starlette\routing.py", line 716, in __call__
    await self.middleware_stack(scope, receive, send)
  File "C:\Users\ATC\Desktop\PROYECTO-ATC\ATC\.venv\Lib\site-packages\starlette\routing.py", line 736, in app
    await route.handle(scope, receive, send)
  File "C:\Users\ATC\Desktop\PROYECTO-ATC\ATC\.venv\Lib\site-packages\starlette\routing.py", line 290, in handle
    await self.app(scope, receive, send)
  File "C:\Users\ATC\Desktop\PROYECTO-ATC\ATC\.venv\Lib\site-packages\fastapi\routing.py", line 119, in app
    await wrap_app_handling_exceptions(app, request)(scope, receive, send)
  File "C:\Users\ATC\Desktop\PROYECTO-ATC\ATC\.venv\Lib\site-packages\starlette\_exception_handler.py", line 53, in wrapped_app
    raise exc
  File "C:\Users\ATC\Desktop\PROYECTO-ATC\ATC\.venv\Lib\site-packages\starlette\_exception_handler.py", line 42, in wrapped_app
    await app(scope, receive, sender)
  File "C:\Users\ATC\Desktop\PROYECTO-ATC\ATC\.venv\Lib\site-packages\fastapi\routing.py", line 105, in app
    response = await f(request)
               ^^^^^^^^^^^^^^^^
  File "C:\Users\ATC\Desktop\PROYECTO-ATC\ATC\.venv\Lib\site-packages\fastapi\routing.py", line 431, in app
    raw_response = await run_endpoint_function(
                   ^^^^^^^^^^^^^^^^^^^^^^^^^^^^
    ...<3 lines>...
    )
    ^
  File "C:\Users\ATC\Desktop\PROYECTO-ATC\ATC\.venv\Lib\site-packages\fastapi\routing.py", line 315, in run_endpoint_function
    return await run_in_threadpool(dependant.call, **values)
           ^^^^^^^^^^^^^^^^^^^^^^^^^^^^^^^^^^^^^^^^^^^^^^^^^
  File "C:\Users\ATC\Desktop\PROYECTO-ATC\ATC\.venv\Lib\site-packages\starlette\concurrency.py", line 32, in run_in_threadpool
    return await anyio.to_thread.run_sync(func)
           ^^^^^^^^^^^^^^^^^^^^^^^^^^^^^^^^^^^^
  File "C:\Users\ATC\Desktop\PROYECTO-ATC\ATC\.venv\Lib\site-packages\anyio\to_thread.py", line 63, in run_sync
    return await get_async_backend().run_sync_in_worker_thread(
           ^^^^^^^^^^^^^^^^^^^^^^^^^^^^^^^^^^^^^^^^^^^^^^^^^^^^
        func, args, abandon_on_cancel=abandon_on_cancel, limiter=limiter
        ^^^^^^^^^^^^^^^^^^^^^^^^^^^^^^^^^^^^^^^^^^^^^^^^^^^^^^^^^^^^^^^^
    )
    ^
  File "C:\Users\ATC\Desktop\PROYECTO-ATC\ATC\.venv\Lib\site-packages\anyio\_backends\_asyncio.py", line 2502, in run_sync_in_worker_thread
    return await future
           ^^^^^^^^^^^^
  File "C:\Users\ATC\Desktop\PROYECTO-ATC\ATC\.venv\Lib\site-packages\anyio\_backends\_asyncio.py", line 986, in run
    result = context.run(func, *args)
  File "C:\Users\ATC\Desktop\PROYECTO-ATC\ATC\app\routes\web.py", line 1656, in dashboard
        stage_labels = {
               ^^^^^^^^^
    ...<37 lines>...
        db: Session = Depends(get_db),
        ^
  File "C:\Users\ATC\Desktop\PROYECTO-ATC\ATC\.venv\Lib\site-packages\starlette\templating.py", line 210, in TemplateResponse
    return _TemplateResponse(
        template,
    ...<4 lines>...
        background=background,
    )
  File "C:\Users\ATC\Desktop\PROYECTO-ATC\ATC\.venv\Lib\site-packages\starlette\templating.py", line 41, in __init__
    content = template.render(context)
  File "C:\Users\ATC\Desktop\PROYECTO-ATC\ATC\.venv\Lib\site-packages\jinja2\environment.py", line 1295, in render
    self.environment.handle_exception()
    ~~~~~~~~~~~~~~~~~~~~~~~~~~~~~~~~~^^
  File "C:\Users\ATC\Desktop\PROYECTO-ATC\ATC\.venv\Lib\site-packages\jinja2\environment.py", line 942, in handle_exception
    raise rewrite_traceback_stack(source=source)
  File "C:\Users\ATC\Desktop\PROYECTO-ATC\ATC\app\templates\dashboard.html", line 2956, in top-level template code
    <div class="card {% if ticket_has_new_message.get(ticket.id) or ticket_manually_unread.get(ticket.id) %}unread-ticket{% endif %}">
    ^^^^^^^^^^^^^^^^^
  File "C:\Users\ATC\Desktop\PROYECTO-ATC\ATC\.venv\Lib\site-packages\jinja2\environment.py", line 490, in getattr
    return getattr(obj, attribute)
jinja2.exceptions.UndefinedError: 'ticket_manually_unread' is undefined
ERROR:    Exception in ASGI application
Traceback (most recent call last):
  File "C:\Users\ATC\Desktop\PROYECTO-ATC\ATC\.venv\Lib\site-packages\uvicorn\protocols\http\httptools_impl.py", line 416, in run_asgi
    result = await app(  # type: ignore[func-returns-value]
             ^^^^^^^^^^^^^^^^^^^^^^^^^^^^^^^^^^^^^^^^^^^^^^
        self.scope, self.receive, self.send
        ^^^^^^^^^^^^^^^^^^^^^^^^^^^^^^^^^^^
    )
    ^
  File "C:\Users\ATC\Desktop\PROYECTO-ATC\ATC\.venv\Lib\site-packages\uvicorn\middleware\proxy_headers.py", line 60, in __call__
    return await self.app(scope, receive, send)
           ^^^^^^^^^^^^^^^^^^^^^^^^^^^^^^^^^^^^
  File "C:\Users\ATC\Desktop\PROYECTO-ATC\ATC\.venv\Lib\site-packages\fastapi\applications.py", line 1160, in __call__
    await super().__call__(scope, receive, send)
  File "C:\Users\ATC\Desktop\PROYECTO-ATC\ATC\.venv\Lib\site-packages\starlette\applications.py", line 107, in __call__
    await self.middleware_stack(scope, receive, send)
  File "C:\Users\ATC\Desktop\PROYECTO-ATC\ATC\.venv\Lib\site-packages\starlette\middleware\errors.py", line 186, in __call__
    raise exc
  File "C:\Users\ATC\Desktop\PROYECTO-ATC\ATC\.venv\Lib\site-packages\starlette\middleware\errors.py", line 164, in __call__
    await self.app(scope, receive, _send)
  File "C:\Users\ATC\Desktop\PROYECTO-ATC\ATC\.venv\Lib\site-packages\starlette\middleware\exceptions.py", line 63, in __call__
    await wrap_app_handling_exceptions(self.app, conn)(scope, receive, send)
  File "C:\Users\ATC\Desktop\PROYECTO-ATC\ATC\.venv\Lib\site-packages\starlette\_exception_handler.py", line 53, in wrapped_app
    raise exc
  File "C:\Users\ATC\Desktop\PROYECTO-ATC\ATC\.venv\Lib\site-packages\starlette\_exception_handler.py", line 42, in wrapped_app
    await app(scope, receive, sender)
  File "C:\Users\ATC\Desktop\PROYECTO-ATC\ATC\.venv\Lib\site-packages\fastapi\middleware\asyncexitstack.py", line 18, in __call__
    await self.app(scope, receive, send)
  File "C:\Users\ATC\Desktop\PROYECTO-ATC\ATC\.venv\Lib\site-packages\starlette\routing.py", line 716, in __call__
    await self.middleware_stack(scope, receive, send)
  File "C:\Users\ATC\Desktop\PROYECTO-ATC\ATC\.venv\Lib\site-packages\starlette\routing.py", line 736, in app
    await route.handle(scope, receive, send)
  File "C:\Users\ATC\Desktop\PROYECTO-ATC\ATC\.venv\Lib\site-packages\starlette\routing.py", line 290, in handle
    await self.app(scope, receive, send)
  File "C:\Users\ATC\Desktop\PROYECTO-ATC\ATC\.venv\Lib\site-packages\fastapi\routing.py", line 119, in app
    await wrap_app_handling_exceptions(app, request)(scope, receive, send)
  File "C:\Users\ATC\Desktop\PROYECTO-ATC\ATC\.venv\Lib\site-packages\starlette\_exception_handler.py", line 53, in wrapped_app
    raise exc
  File "C:\Users\ATC\Desktop\PROYECTO-ATC\ATC\.venv\Lib\site-packages\starlette\_exception_handler.py", line 42, in wrapped_app
    await app(scope, receive, sender)
  File "C:\Users\ATC\Desktop\PROYECTO-ATC\ATC\.venv\Lib\site-packages\fastapi\routing.py", line 105, in app
    response = await f(request)
               ^^^^^^^^^^^^^^^^
  File "C:\Users\ATC\Desktop\PROYECTO-ATC\ATC\.venv\Lib\site-packages\fastapi\routing.py", line 431, in app
    raw_response = await run_endpoint_function(
                   ^^^^^^^^^^^^^^^^^^^^^^^^^^^^
    ...<3 lines>...
    )
    ^
  File "C:\Users\ATC\Desktop\PROYECTO-ATC\ATC\.venv\Lib\site-packages\fastapi\routing.py", line 315, in run_endpoint_function
    return await run_in_threadpool(dependant.call, **values)
           ^^^^^^^^^^^^^^^^^^^^^^^^^^^^^^^^^^^^^^^^^^^^^^^^^
  File "C:\Users\ATC\Desktop\PROYECTO-ATC\ATC\.venv\Lib\site-packages\starlette\concurrency.py", line 32, in run_in_threadpool
    return await anyio.to_thread.run_sync(func)
           ^^^^^^^^^^^^^^^^^^^^^^^^^^^^^^^^^^^^
  File "C:\Users\ATC\Desktop\PROYECTO-ATC\ATC\.venv\Lib\site-packages\anyio\to_thread.py", line 63, in run_sync
    return await get_async_backend().run_sync_in_worker_thread(
           ^^^^^^^^^^^^^^^^^^^^^^^^^^^^^^^^^^^^^^^^^^^^^^^^^^^^
        func, args, abandon_on_cancel=abandon_on_cancel, limiter=limiter
        ^^^^^^^^^^^^^^^^^^^^^^^^^^^^^^^^^^^^^^^^^^^^^^^^^^^^^^^^^^^^^^^^
    )
    ^
  File "C:\Users\ATC\Desktop\PROYECTO-ATC\ATC\.venv\Lib\site-packages\anyio\_backends\_asyncio.py", line 2502, in run_sync_in_worker_thread
    return await future
           ^^^^^^^^^^^^
  File "C:\Users\ATC\Desktop\PROYECTO-ATC\ATC\.venv\Lib\site-packages\anyio\_backends\_asyncio.py", line 986, in run
    result = context.run(func, *args)
  File "C:\Users\ATC\Desktop\PROYECTO-ATC\ATC\app\routes\web.py", line 1656, in dashboard
        stage_labels = {
               ^^^^^^^^^
    ...<37 lines>...
        db: Session = Depends(get_db),
        ^
  File "C:\Users\ATC\Desktop\PROYECTO-ATC\ATC\.venv\Lib\site-packages\starlette\templating.py", line 210, in TemplateResponse
    return _TemplateResponse(
        template,
    ...<4 lines>...
        background=background,
    )
  File "C:\Users\ATC\Desktop\PROYECTO-ATC\ATC\.venv\Lib\site-packages\starlette\templating.py", line 41, in __init__
    content = template.render(context)
  File "C:\Users\ATC\Desktop\PROYECTO-ATC\ATC\.venv\Lib\site-packages\jinja2\environment.py", line 1295, in render
    self.environment.handle_exception()
    ~~~~~~~~~~~~~~~~~~~~~~~~~~~~~~~~~^^
  File "C:\Users\ATC\Desktop\PROYECTO-ATC\ATC\.venv\Lib\site-packages\jinja2\environment.py", line 942, in handle_exception
    raise rewrite_traceback_stack(source=source)
  File "C:\Users\ATC\Desktop\PROYECTO-ATC\ATC\app\templates\dashboard.html", line 2956, in top-level template code
    <div class="card {% if ticket_has_new_message.get(ticket.id) or ticket_manually_unread.get(ticket.id) %}unread-ticket{% endif %}">
    ^^^^^^^^^^^^^^^^^
  File "C:\Users\ATC\Desktop\PROYECTO-ATC\ATC\.venv\Lib\site-packages\jinja2\environment.py", line 490, in getattr
    return getattr(obj, attribute)
jinja2.exceptions.UndefinedError: 'ticket_manually_unread' is undefined
ERROR:    Exception in ASGI application
Traceback (most recent call last):
  File "C:\Users\ATC\Desktop\PROYECTO-ATC\ATC\.venv\Lib\site-packages\uvicorn\protocols\http\httptools_impl.py", line 416, in run_asgi
    result = await app(  # type: ignore[func-returns-value]
             ^^^^^^^^^^^^^^^^^^^^^^^^^^^^^^^^^^^^^^^^^^^^^^
        self.scope, self.receive, self.send
        ^^^^^^^^^^^^^^^^^^^^^^^^^^^^^^^^^^^
    )
    ^
  File "C:\Users\ATC\Desktop\PROYECTO-ATC\ATC\.venv\Lib\site-packages\uvicorn\middleware\proxy_headers.py", line 60, in __call__
    return await self.app(scope, receive, send)
           ^^^^^^^^^^^^^^^^^^^^^^^^^^^^^^^^^^^^
  File "C:\Users\ATC\Desktop\PROYECTO-ATC\ATC\.venv\Lib\site-packages\fastapi\applications.py", line 1160, in __call__
    await super().__call__(scope, receive, send)
  File "C:\Users\ATC\Desktop\PROYECTO-ATC\ATC\.venv\Lib\site-packages\starlette\applications.py", line 107, in __call__
    await self.middleware_stack(scope, receive, send)
  File "C:\Users\ATC\Desktop\PROYECTO-ATC\ATC\.venv\Lib\site-packages\starlette\middleware\errors.py", line 186, in __call__
    raise exc
  File "C:\Users\ATC\Desktop\PROYECTO-ATC\ATC\.venv\Lib\site-packages\starlette\middleware\errors.py", line 164, in __call__
    await self.app(scope, receive, _send)
  File "C:\Users\ATC\Desktop\PROYECTO-ATC\ATC\.venv\Lib\site-packages\starlette\middleware\exceptions.py", line 63, in __call__
    await wrap_app_handling_exceptions(self.app, conn)(scope, receive, send)
  File "C:\Users\ATC\Desktop\PROYECTO-ATC\ATC\.venv\Lib\site-packages\starlette\_exception_handler.py", line 53, in wrapped_app
    raise exc
  File "C:\Users\ATC\Desktop\PROYECTO-ATC\ATC\.venv\Lib\site-packages\starlette\_exception_handler.py", line 42, in wrapped_app
    await app(scope, receive, sender)
  File "C:\Users\ATC\Desktop\PROYECTO-ATC\ATC\.venv\Lib\site-packages\fastapi\middleware\asyncexitstack.py", line 18, in __call__
    await self.app(scope, receive, send)
  File "C:\Users\ATC\Desktop\PROYECTO-ATC\ATC\.venv\Lib\site-packages\starlette\routing.py", line 716, in __call__
    await self.middleware_stack(scope, receive, send)
  File "C:\Users\ATC\Desktop\PROYECTO-ATC\ATC\.venv\Lib\site-packages\starlette\routing.py", line 736, in app
    await route.handle(scope, receive, send)
  File "C:\Users\ATC\Desktop\PROYECTO-ATC\ATC\.venv\Lib\site-packages\starlette\routing.py", line 290, in handle
    await self.app(scope, receive, send)
  File "C:\Users\ATC\Desktop\PROYECTO-ATC\ATC\.venv\Lib\site-packages\fastapi\routing.py", line 119, in app
    await wrap_app_handling_exceptions(app, request)(scope, receive, send)
  File "C:\Users\ATC\Desktop\PROYECTO-ATC\ATC\.venv\Lib\site-packages\starlette\_exception_handler.py", line 53, in wrapped_app
    raise exc
  File "C:\Users\ATC\Desktop\PROYECTO-ATC\ATC\.venv\Lib\site-packages\starlette\_exception_handler.py", line 42, in wrapped_app
    await app(scope, receive, sender)
  File "C:\Users\ATC\Desktop\PROYECTO-ATC\ATC\.venv\Lib\site-packages\fastapi\routing.py", line 105, in app
    response = await f(request)
               ^^^^^^^^^^^^^^^^
  File "C:\Users\ATC\Desktop\PROYECTO-ATC\ATC\.venv\Lib\site-packages\fastapi\routing.py", line 431, in app
    raw_response = await run_endpoint_function(
                   ^^^^^^^^^^^^^^^^^^^^^^^^^^^^
    ...<3 lines>...
    )
    ^
  File "C:\Users\ATC\Desktop\PROYECTO-ATC\ATC\.venv\Lib\site-packages\fastapi\routing.py", line 315, in run_endpoint_function
    return await run_in_threadpool(dependant.call, **values)
           ^^^^^^^^^^^^^^^^^^^^^^^^^^^^^^^^^^^^^^^^^^^^^^^^^
  File "C:\Users\ATC\Desktop\PROYECTO-ATC\ATC\.venv\Lib\site-packages\starlette\concurrency.py", line 32, in run_in_threadpool
    return await anyio.to_thread.run_sync(func)
           ^^^^^^^^^^^^^^^^^^^^^^^^^^^^^^^^^^^^
  File "C:\Users\ATC\Desktop\PROYECTO-ATC\ATC\.venv\Lib\site-packages\anyio\to_thread.py", line 63, in run_sync
    return await get_async_backend().run_sync_in_worker_thread(
           ^^^^^^^^^^^^^^^^^^^^^^^^^^^^^^^^^^^^^^^^^^^^^^^^^^^^
        func, args, abandon_on_cancel=abandon_on_cancel, limiter=limiter
        ^^^^^^^^^^^^^^^^^^^^^^^^^^^^^^^^^^^^^^^^^^^^^^^^^^^^^^^^^^^^^^^^
    )
    ^
  File "C:\Users\ATC\Desktop\PROYECTO-ATC\ATC\.venv\Lib\site-packages\anyio\_backends\_asyncio.py", line 2502, in run_sync_in_worker_thread
    return await future
           ^^^^^^^^^^^^
  File "C:\Users\ATC\Desktop\PROYECTO-ATC\ATC\.venv\Lib\site-packages\anyio\_backends\_asyncio.py", line 986, in run
    result = context.run(func, *args)
  File "C:\Users\ATC\Desktop\PROYECTO-ATC\ATC\app\routes\web.py", line 1656, in dashboard
        stage_labels = {
               ^^^^^^^^^
    ...<37 lines>...
        db: Session = Depends(get_db),
        ^
  File "C:\Users\ATC\Desktop\PROYECTO-ATC\ATC\.venv\Lib\site-packages\starlette\templating.py", line 210, in TemplateResponse
    return _TemplateResponse(
        template,
    ...<4 lines>...
        background=background,
    )
  File "C:\Users\ATC\Desktop\PROYECTO-ATC\ATC\.venv\Lib\site-packages\starlette\templating.py", line 41, in __init__
    content = template.render(context)
  File "C:\Users\ATC\Desktop\PROYECTO-ATC\ATC\.venv\Lib\site-packages\jinja2\environment.py", line 1295, in render
    self.environment.handle_exception()
    ~~~~~~~~~~~~~~~~~~~~~~~~~~~~~~~~~^^
  File "C:\Users\ATC\Desktop\PROYECTO-ATC\ATC\.venv\Lib\site-packages\jinja2\environment.py", line 942, in handle_exception
    raise rewrite_traceback_stack(source=source)
  File "C:\Users\ATC\Desktop\PROYECTO-ATC\ATC\app\templates\dashboard.html", line 2956, in top-level template code
    <div class="card {% if ticket_has_new_message.get(ticket.id) or ticket_manually_unread.get(ticket.id) %}unread-ticket{% endif %}">
    ^^^^^^^^^^^^^^^^^
  File "C:\Users\ATC\Desktop\PROYECTO-ATC\ATC\.venv\Lib\site-packages\jinja2\environment.py", line 490, in getattr
    return getattr(obj, attribute)
jinja2.exceptions.UndefinedError: 'ticket_manually_unread' is undefined
ERROR:    Exception in ASGI application
Traceback (most recent call last):
  File "C:\Users\ATC\Desktop\PROYECTO-ATC\ATC\.venv\Lib\site-packages\uvicorn\protocols\http\httptools_impl.py", line 416, in run_asgi
    result = await app(  # type: ignore[func-returns-value]
             ^^^^^^^^^^^^^^^^^^^^^^^^^^^^^^^^^^^^^^^^^^^^^^
        self.scope, self.receive, self.send
        ^^^^^^^^^^^^^^^^^^^^^^^^^^^^^^^^^^^
    )
    ^
  File "C:\Users\ATC\Desktop\PROYECTO-ATC\ATC\.venv\Lib\site-packages\uvicorn\middleware\proxy_headers.py", line 60, in __call__
    return await self.app(scope, receive, send)
           ^^^^^^^^^^^^^^^^^^^^^^^^^^^^^^^^^^^^
  File "C:\Users\ATC\Desktop\PROYECTO-ATC\ATC\.venv\Lib\site-packages\fastapi\applications.py", line 1160, in __call__
    await super().__call__(scope, receive, send)
  File "C:\Users\ATC\Desktop\PROYECTO-ATC\ATC\.venv\Lib\site-packages\starlette\applications.py", line 107, in __call__
    await self.middleware_stack(scope, receive, send)
  File "C:\Users\ATC\Desktop\PROYECTO-ATC\ATC\.venv\Lib\site-packages\starlette\middleware\errors.py", line 186, in __call__
    raise exc
  File "C:\Users\ATC\Desktop\PROYECTO-ATC\ATC\.venv\Lib\site-packages\starlette\middleware\errors.py", line 164, in __call__
    await self.app(scope, receive, _send)
  File "C:\Users\ATC\Desktop\PROYECTO-ATC\ATC\.venv\Lib\site-packages\starlette\middleware\exceptions.py", line 63, in __call__
    await wrap_app_handling_exceptions(self.app, conn)(scope, receive, send)
  File "C:\Users\ATC\Desktop\PROYECTO-ATC\ATC\.venv\Lib\site-packages\starlette\_exception_handler.py", line 53, in wrapped_app
    raise exc
  File "C:\Users\ATC\Desktop\PROYECTO-ATC\ATC\.venv\Lib\site-packages\starlette\_exception_handler.py", line 42, in wrapped_app
    await app(scope, receive, sender)
  File "C:\Users\ATC\Desktop\PROYECTO-ATC\ATC\.venv\Lib\site-packages\fastapi\middleware\asyncexitstack.py", line 18, in __call__
    await self.app(scope, receive, send)
  File "C:\Users\ATC\Desktop\PROYECTO-ATC\ATC\.venv\Lib\site-packages\starlette\routing.py", line 716, in __call__
    await self.middleware_stack(scope, receive, send)
  File "C:\Users\ATC\Desktop\PROYECTO-ATC\ATC\.venv\Lib\site-packages\starlette\routing.py", line 736, in app
    await route.handle(scope, receive, send)
  File "C:\Users\ATC\Desktop\PROYECTO-ATC\ATC\.venv\Lib\site-packages\starlette\routing.py", line 290, in handle
    await self.app(scope, receive, send)
  File "C:\Users\ATC\Desktop\PROYECTO-ATC\ATC\.venv\Lib\site-packages\fastapi\routing.py", line 119, in app
    await wrap_app_handling_exceptions(app, request)(scope, receive, send)
  File "C:\Users\ATC\Desktop\PROYECTO-ATC\ATC\.venv\Lib\site-packages\starlette\_exception_handler.py", line 53, in wrapped_app
    raise exc
  File "C:\Users\ATC\Desktop\PROYECTO-ATC\ATC\.venv\Lib\site-packages\starlette\_exception_handler.py", line 42, in wrapped_app
    await app(scope, receive, sender)
  File "C:\Users\ATC\Desktop\PROYECTO-ATC\ATC\.venv\Lib\site-packages\fastapi\routing.py", line 105, in app
    response = await f(request)
               ^^^^^^^^^^^^^^^^
  File "C:\Users\ATC\Desktop\PROYECTO-ATC\ATC\.venv\Lib\site-packages\fastapi\routing.py", line 431, in app
    raw_response = await run_endpoint_function(
                   ^^^^^^^^^^^^^^^^^^^^^^^^^^^^
    ...<3 lines>...
    )
    ^
  File "C:\Users\ATC\Desktop\PROYECTO-ATC\ATC\.venv\Lib\site-packages\fastapi\routing.py", line 315, in run_endpoint_function
    return await run_in_threadpool(dependant.call, **values)
           ^^^^^^^^^^^^^^^^^^^^^^^^^^^^^^^^^^^^^^^^^^^^^^^^^
  File "C:\Users\ATC\Desktop\PROYECTO-ATC\ATC\.venv\Lib\site-packages\starlette\concurrency.py", line 32, in run_in_threadpool
    return await anyio.to_thread.run_sync(func)
           ^^^^^^^^^^^^^^^^^^^^^^^^^^^^^^^^^^^^
  File "C:\Users\ATC\Desktop\PROYECTO-ATC\ATC\.venv\Lib\site-packages\anyio\to_thread.py", line 63, in run_sync
    return await get_async_backend().run_sync_in_worker_thread(
           ^^^^^^^^^^^^^^^^^^^^^^^^^^^^^^^^^^^^^^^^^^^^^^^^^^^^
        func, args, abandon_on_cancel=abandon_on_cancel, limiter=limiter
        ^^^^^^^^^^^^^^^^^^^^^^^^^^^^^^^^^^^^^^^^^^^^^^^^^^^^^^^^^^^^^^^^
    )
    ^
  File "C:\Users\ATC\Desktop\PROYECTO-ATC\ATC\.venv\Lib\site-packages\anyio\_backends\_asyncio.py", line 2502, in run_sync_in_worker_thread
    return await future
           ^^^^^^^^^^^^
  File "C:\Users\ATC\Desktop\PROYECTO-ATC\ATC\.venv\Lib\site-packages\anyio\_backends\_asyncio.py", line 986, in run
    result = context.run(func, *args)
  File "C:\Users\ATC\Desktop\PROYECTO-ATC\ATC\app\routes\web.py", line 1656, in dashboard
        stage_labels = {
               ^^^^^^^^^
    ...<37 lines>...
        db: Session = Depends(get_db),
        ^
  File "C:\Users\ATC\Desktop\PROYECTO-ATC\ATC\.venv\Lib\site-packages\starlette\templating.py", line 210, in TemplateResponse
    return _TemplateResponse(
        template,
    ...<4 lines>...
        background=background,
    )
  File "C:\Users\ATC\Desktop\PROYECTO-ATC\ATC\.venv\Lib\site-packages\starlette\templating.py", line 41, in __init__
    content = template.render(context)
  File "C:\Users\ATC\Desktop\PROYECTO-ATC\ATC\.venv\Lib\site-packages\jinja2\environment.py", line 1295, in render
    self.environment.handle_exception()
    ~~~~~~~~~~~~~~~~~~~~~~~~~~~~~~~~~^^
  File "C:\Users\ATC\Desktop\PROYECTO-ATC\ATC\.venv\Lib\site-packages\jinja2\environment.py", line 942, in handle_exception
    raise rewrite_traceback_stack(source=source)
  File "C:\Users\ATC\Desktop\PROYECTO-ATC\ATC\app\templates\dashboard.html", line 2956, in top-level template code
    <div class="card {% if ticket_has_new_message.get(ticket.id) or ticket_manually_unread.get(ticket.id) %}unread-ticket{% endif %}">
    ^^^^^^^^^^^^^^^^^
  File "C:\Users\ATC\Desktop\PROYECTO-ATC\ATC\.venv\Lib\site-packages\jinja2\environment.py", line 490, in getattr
    return getattr(obj, attribute)
jinja2.exceptions.UndefinedError: 'ticket_manually_unread' is undefined
ERROR:    Exception in ASGI application
Traceback (most recent call last):
  File "C:\Users\ATC\Desktop\PROYECTO-ATC\ATC\.venv\Lib\site-packages\uvicorn\protocols\http\httptools_impl.py", line 416, in run_asgi
    result = await app(  # type: ignore[func-returns-value]
             ^^^^^^^^^^^^^^^^^^^^^^^^^^^^^^^^^^^^^^^^^^^^^^
        self.scope, self.receive, self.send
        ^^^^^^^^^^^^^^^^^^^^^^^^^^^^^^^^^^^
    )
    ^
  File "C:\Users\ATC\Desktop\PROYECTO-ATC\ATC\.venv\Lib\site-packages\uvicorn\middleware\proxy_headers.py", line 60, in __call__
    return await self.app(scope, receive, send)
           ^^^^^^^^^^^^^^^^^^^^^^^^^^^^^^^^^^^^
  File "C:\Users\ATC\Desktop\PROYECTO-ATC\ATC\.venv\Lib\site-packages\fastapi\applications.py", line 1160, in __call__
    await super().__call__(scope, receive, send)
  File "C:\Users\ATC\Desktop\PROYECTO-ATC\ATC\.venv\Lib\site-packages\starlette\applications.py", line 107, in __call__
    await self.middleware_stack(scope, receive, send)
  File "C:\Users\ATC\Desktop\PROYECTO-ATC\ATC\.venv\Lib\site-packages\starlette\middleware\errors.py", line 186, in __call__
    raise exc
  File "C:\Users\ATC\Desktop\PROYECTO-ATC\ATC\.venv\Lib\site-packages\starlette\middleware\errors.py", line 164, in __call__
    await self.app(scope, receive, _send)
  File "C:\Users\ATC\Desktop\PROYECTO-ATC\ATC\.venv\Lib\site-packages\starlette\middleware\exceptions.py", line 63, in __call__
    await wrap_app_handling_exceptions(self.app, conn)(scope, receive, send)
  File "C:\Users\ATC\Desktop\PROYECTO-ATC\ATC\.venv\Lib\site-packages\starlette\_exception_handler.py", line 53, in wrapped_app
    raise exc
  File "C:\Users\ATC\Desktop\PROYECTO-ATC\ATC\.venv\Lib\site-packages\starlette\_exception_handler.py", line 42, in wrapped_app
    await app(scope, receive, sender)
  File "C:\Users\ATC\Desktop\PROYECTO-ATC\ATC\.venv\Lib\site-packages\fastapi\middleware\asyncexitstack.py", line 18, in __call__
    await self.app(scope, receive, send)
  File "C:\Users\ATC\Desktop\PROYECTO-ATC\ATC\.venv\Lib\site-packages\starlette\routing.py", line 716, in __call__
    await self.middleware_stack(scope, receive, send)
  File "C:\Users\ATC\Desktop\PROYECTO-ATC\ATC\.venv\Lib\site-packages\starlette\routing.py", line 736, in app
    await route.handle(scope, receive, send)
  File "C:\Users\ATC\Desktop\PROYECTO-ATC\ATC\.venv\Lib\site-packages\starlette\routing.py", line 290, in handle
    await self.app(scope, receive, send)
  File "C:\Users\ATC\Desktop\PROYECTO-ATC\ATC\.venv\Lib\site-packages\fastapi\routing.py", line 119, in app
    await wrap_app_handling_exceptions(app, request)(scope, receive, send)
  File "C:\Users\ATC\Desktop\PROYECTO-ATC\ATC\.venv\Lib\site-packages\starlette\_exception_handler.py", line 53, in wrapped_app
    raise exc
  File "C:\Users\ATC\Desktop\PROYECTO-ATC\ATC\.venv\Lib\site-packages\starlette\_exception_handler.py", line 42, in wrapped_app
    await app(scope, receive, sender)
  File "C:\Users\ATC\Desktop\PROYECTO-ATC\ATC\.venv\Lib\site-packages\fastapi\routing.py", line 105, in app
    response = await f(request)
               ^^^^^^^^^^^^^^^^
  File "C:\Users\ATC\Desktop\PROYECTO-ATC\ATC\.venv\Lib\site-packages\fastapi\routing.py", line 431, in app
    raw_response = await run_endpoint_function(
                   ^^^^^^^^^^^^^^^^^^^^^^^^^^^^
    ...<3 lines>...
    )
    ^
  File "C:\Users\ATC\Desktop\PROYECTO-ATC\ATC\.venv\Lib\site-packages\fastapi\routing.py", line 315, in run_endpoint_function
    return await run_in_threadpool(dependant.call, **values)
           ^^^^^^^^^^^^^^^^^^^^^^^^^^^^^^^^^^^^^^^^^^^^^^^^^
  File "C:\Users\ATC\Desktop\PROYECTO-ATC\ATC\.venv\Lib\site-packages\starlette\concurrency.py", line 32, in run_in_threadpool
    return await anyio.to_thread.run_sync(func)
           ^^^^^^^^^^^^^^^^^^^^^^^^^^^^^^^^^^^^
  File "C:\Users\ATC\Desktop\PROYECTO-ATC\ATC\.venv\Lib\site-packages\anyio\to_thread.py", line 63, in run_sync
    return await get_async_backend().run_sync_in_worker_thread(
           ^^^^^^^^^^^^^^^^^^^^^^^^^^^^^^^^^^^^^^^^^^^^^^^^^^^^
        func, args, abandon_on_cancel=abandon_on_cancel, limiter=limiter
        ^^^^^^^^^^^^^^^^^^^^^^^^^^^^^^^^^^^^^^^^^^^^^^^^^^^^^^^^^^^^^^^^
    )
    ^
  File "C:\Users\ATC\Desktop\PROYECTO-ATC\ATC\.venv\Lib\site-packages\anyio\_backends\_asyncio.py", line 2502, in run_sync_in_worker_thread
    return await future
           ^^^^^^^^^^^^
  File "C:\Users\ATC\Desktop\PROYECTO-ATC\ATC\.venv\Lib\site-packages\anyio\_backends\_asyncio.py", line 986, in run
    result = context.run(func, *args)
  File "C:\Users\ATC\Desktop\PROYECTO-ATC\ATC\app\routes\web.py", line 1656, in dashboard
        stage_labels = {
               ^^^^^^^^^
    ...<37 lines>...
        db: Session = Depends(get_db),
        ^
  File "C:\Users\ATC\Desktop\PROYECTO-ATC\ATC\.venv\Lib\site-packages\starlette\templating.py", line 210, in TemplateResponse
    return _TemplateResponse(
        template,
    ...<4 lines>...
        background=background,
    )
  File "C:\Users\ATC\Desktop\PROYECTO-ATC\ATC\.venv\Lib\site-packages\starlette\templating.py", line 41, in __init__
    content = template.render(context)
  File "C:\Users\ATC\Desktop\PROYECTO-ATC\ATC\.venv\Lib\site-packages\jinja2\environment.py", line 1295, in render
    self.environment.handle_exception()
    ~~~~~~~~~~~~~~~~~~~~~~~~~~~~~~~~~^^
  File "C:\Users\ATC\Desktop\PROYECTO-ATC\ATC\.venv\Lib\site-packages\jinja2\environment.py", line 942, in handle_exception
    raise rewrite_traceback_stack(source=source)
  File "C:\Users\ATC\Desktop\PROYECTO-ATC\ATC\app\templates\dashboard.html", line 2956, in top-level template code
    <div class="card {% if ticket_has_new_message.get(ticket.id) or ticket_manually_unread.get(ticket.id) %}unread-ticket{% endif %}">
    ^^^^^^^^^^^^^^^^^
  File "C:\Users\ATC\Desktop\PROYECTO-ATC\ATC\.venv\Lib\site-packages\jinja2\environment.py", line 490, in getattr
    return getattr(obj, attribute)
jinja2.exceptions.UndefinedError: 'ticket_manually_unread' is undefined
ERROR:    Exception in ASGI application
Traceback (most recent call last):
  File "C:\Users\ATC\Desktop\PROYECTO-ATC\ATC\.venv\Lib\site-packages\uvicorn\protocols\http\httptools_impl.py", line 416, in run_asgi
    result = await app(  # type: ignore[func-returns-value]
             ^^^^^^^^^^^^^^^^^^^^^^^^^^^^^^^^^^^^^^^^^^^^^^
        self.scope, self.receive, self.send
        ^^^^^^^^^^^^^^^^^^^^^^^^^^^^^^^^^^^
    )
    ^
  File "C:\Users\ATC\Desktop\PROYECTO-ATC\ATC\.venv\Lib\site-packages\uvicorn\middleware\proxy_headers.py", line 60, in __call__
    return await self.app(scope, receive, send)
           ^^^^^^^^^^^^^^^^^^^^^^^^^^^^^^^^^^^^
  File "C:\Users\ATC\Desktop\PROYECTO-ATC\ATC\.venv\Lib\site-packages\fastapi\applications.py", line 1160, in __call__
    await super().__call__(scope, receive, send)
  File "C:\Users\ATC\Desktop\PROYECTO-ATC\ATC\.venv\Lib\site-packages\starlette\applications.py", line 107, in __call__
    await self.middleware_stack(scope, receive, send)
  File "C:\Users\ATC\Desktop\PROYECTO-ATC\ATC\.venv\Lib\site-packages\starlette\middleware\errors.py", line 186, in __call__
    raise exc
  File "C:\Users\ATC\Desktop\PROYECTO-ATC\ATC\.venv\Lib\site-packages\starlette\middleware\errors.py", line 164, in __call__
    await self.app(scope, receive, _send)
  File "C:\Users\ATC\Desktop\PROYECTO-ATC\ATC\.venv\Lib\site-packages\starlette\middleware\exceptions.py", line 63, in __call__
    await wrap_app_handling_exceptions(self.app, conn)(scope, receive, send)
  File "C:\Users\ATC\Desktop\PROYECTO-ATC\ATC\.venv\Lib\site-packages\starlette\_exception_handler.py", line 53, in wrapped_app
    raise exc
  File "C:\Users\ATC\Desktop\PROYECTO-ATC\ATC\.venv\Lib\site-packages\starlette\_exception_handler.py", line 42, in wrapped_app
    await app(scope, receive, sender)
  File "C:\Users\ATC\Desktop\PROYECTO-ATC\ATC\.venv\Lib\site-packages\fastapi\middleware\asyncexitstack.py", line 18, in __call__
    await self.app(scope, receive, send)
  File "C:\Users\ATC\Desktop\PROYECTO-ATC\ATC\.venv\Lib\site-packages\starlette\routing.py", line 716, in __call__
    await self.middleware_stack(scope, receive, send)
  File "C:\Users\ATC\Desktop\PROYECTO-ATC\ATC\.venv\Lib\site-packages\starlette\routing.py", line 736, in app
    await route.handle(scope, receive, send)
  File "C:\Users\ATC\Desktop\PROYECTO-ATC\ATC\.venv\Lib\site-packages\starlette\routing.py", line 290, in handle
    await self.app(scope, receive, send)
  File "C:\Users\ATC\Desktop\PROYECTO-ATC\ATC\.venv\Lib\site-packages\fastapi\routing.py", line 119, in app
    await wrap_app_handling_exceptions(app, request)(scope, receive, send)
  File "C:\Users\ATC\Desktop\PROYECTO-ATC\ATC\.venv\Lib\site-packages\starlette\_exception_handler.py", line 53, in wrapped_app
    raise exc
  File "C:\Users\ATC\Desktop\PROYECTO-ATC\ATC\.venv\Lib\site-packages\starlette\_exception_handler.py", line 42, in wrapped_app
    await app(scope, receive, sender)
  File "C:\Users\ATC\Desktop\PROYECTO-ATC\ATC\.venv\Lib\site-packages\fastapi\routing.py", line 105, in app
    response = await f(request)
               ^^^^^^^^^^^^^^^^
  File "C:\Users\ATC\Desktop\PROYECTO-ATC\ATC\.venv\Lib\site-packages\fastapi\routing.py", line 431, in app
    raw_response = await run_endpoint_function(
                   ^^^^^^^^^^^^^^^^^^^^^^^^^^^^
    ...<3 lines>...
    )
    ^
  File "C:\Users\ATC\Desktop\PROYECTO-ATC\ATC\.venv\Lib\site-packages\fastapi\routing.py", line 315, in run_endpoint_function
    return await run_in_threadpool(dependant.call, **values)
           ^^^^^^^^^^^^^^^^^^^^^^^^^^^^^^^^^^^^^^^^^^^^^^^^^
  File "C:\Users\ATC\Desktop\PROYECTO-ATC\ATC\.venv\Lib\site-packages\starlette\concurrency.py", line 32, in run_in_threadpool
    return await anyio.to_thread.run_sync(func)
           ^^^^^^^^^^^^^^^^^^^^^^^^^^^^^^^^^^^^
  File "C:\Users\ATC\Desktop\PROYECTO-ATC\ATC\.venv\Lib\site-packages\anyio\to_thread.py", line 63, in run_sync
    return await get_async_backend().run_sync_in_worker_thread(
           ^^^^^^^^^^^^^^^^^^^^^^^^^^^^^^^^^^^^^^^^^^^^^^^^^^^^
        func, args, abandon_on_cancel=abandon_on_cancel, limiter=limiter
        ^^^^^^^^^^^^^^^^^^^^^^^^^^^^^^^^^^^^^^^^^^^^^^^^^^^^^^^^^^^^^^^^
    )
    ^
  File "C:\Users\ATC\Desktop\PROYECTO-ATC\ATC\.venv\Lib\site-packages\anyio\_backends\_asyncio.py", line 2502, in run_sync_in_worker_thread
    return await future
           ^^^^^^^^^^^^
  File "C:\Users\ATC\Desktop\PROYECTO-ATC\ATC\.venv\Lib\site-packages\anyio\_backends\_asyncio.py", line 986, in run
    result = context.run(func, *args)
  File "C:\Users\ATC\Desktop\PROYECTO-ATC\ATC\app\routes\web.py", line 1656, in dashboard
        stage_labels = {
               ^^^^^^^^^
    ...<37 lines>...
        db: Session = Depends(get_db),
        ^
  File "C:\Users\ATC\Desktop\PROYECTO-ATC\ATC\.venv\Lib\site-packages\starlette\templating.py", line 210, in TemplateResponse
    return _TemplateResponse(
        template,
    ...<4 lines>...
        background=background,
    )
  File "C:\Users\ATC\Desktop\PROYECTO-ATC\ATC\.venv\Lib\site-packages\starlette\templating.py", line 41, in __init__
    content = template.render(context)
  File "C:\Users\ATC\Desktop\PROYECTO-ATC\ATC\.venv\Lib\site-packages\jinja2\environment.py", line 1295, in render
    self.environment.handle_exception()
    ~~~~~~~~~~~~~~~~~~~~~~~~~~~~~~~~~^^
  File "C:\Users\ATC\Desktop\PROYECTO-ATC\ATC\.venv\Lib\site-packages\jinja2\environment.py", line 942, in handle_exception
    raise rewrite_traceback_stack(source=source)
  File "C:\Users\ATC\Desktop\PROYECTO-ATC\ATC\app\templates\dashboard.html", line 2956, in top-level template code
    <div class="card {% if ticket_has_new_message.get(ticket.id) or ticket_manually_unread.get(ticket.id) %}unread-ticket{% endif %}">
    ^^^^^^^^^^^^^^^^^
  File "C:\Users\ATC\Desktop\PROYECTO-ATC\ATC\.venv\Lib\site-packages\jinja2\environment.py", line 490, in getattr
    return getattr(obj, attribute)
jinja2.exceptions.UndefinedError: 'ticket_manually_unread' is undefined
